../Application/lvgl/src/widgets/chart/../../core/lv_obj_style_gen.h:22:23:lv_obj_get_style_width	16	static
../Application/lvgl/src/widgets/chart/../../core/lv_obj_style_gen.h:184:23:lv_obj_get_style_pad_column	16	static
../Application/lvgl/src/widgets/chart/lv_chart.c:642:13:lv_chart_destructor	16	static
../Application/lvgl/src/widgets/chart/lv_chart.c:613:13:lv_chart_constructor	8	static
../Application/lvgl/src/widgets/chart/lv_chart.c:1335:13:new_points_alloc	32	static
../Application/lvgl/src/widgets/chart/../../core/lv_obj_style_gen.h:340:23:lv_obj_get_style_border_width.constprop	16	static
../Application/lvgl/src/widgets/chart/../../core/lv_obj_style_gen.h:166:23:lv_obj_get_style_pad_left.constprop	16	static
../Application/lvgl/src/widgets/chart/lv_chart.c:1273:13:invalidate_point	48	static
../Application/lvgl/src/widgets/chart/../../core/lv_obj_style_gen.h:154:23:lv_obj_get_style_pad_top.constprop	16	static
../Application/lvgl/src/widgets/chart/lv_chart.c:794:13:draw_series_line	344	static
../Application/lvgl/src/widgets/chart/lv_chart.c:71:12:lv_chart_create	8	static
../Application/lvgl/src/widgets/chart/lv_chart.c:164:6:lv_chart_set_update_mode	4	static
../Application/lvgl/src/widgets/chart/lv_chart.c:175:6:lv_chart_set_div_line_count	0	static
../Application/lvgl/src/widgets/chart/lv_chart.c:188:17:lv_chart_get_type	0	static
../Application/lvgl/src/widgets/chart/lv_chart.c:196:10:lv_chart_get_point_count	0	static
../Application/lvgl/src/widgets/chart/lv_chart.c:204:10:lv_chart_get_x_start_point	0	static
../Application/lvgl/src/widgets/chart/lv_chart.c:212:6:lv_chart_get_point_pos_by_id	64	static
../Application/lvgl/src/widgets/chart/lv_chart.c:1154:13:draw_cursors	448	static
../Application/lvgl/src/widgets/chart/lv_chart.c:672:13:lv_chart_event	312	static
../Application/lvgl/src/widgets/chart/lv_chart.c:284:6:lv_chart_refresh	0	static
../Application/lvgl/src/widgets/chart/lv_chart.c:79:6:lv_chart_set_type	24	static
../Application/lvgl/src/widgets/chart/lv_chart.c:108:6:lv_chart_set_point_count	24	static
../Application/lvgl/src/widgets/chart/lv_chart.c:132:6:lv_chart_set_range	4	static
../Application/lvgl/src/widgets/chart/lv_chart.c:295:21:lv_chart_add_series	32	static
../Application/lvgl/src/widgets/chart/lv_chart.c:357:6:lv_chart_remove_series	16	static
../Application/lvgl/src/widgets/chart/lv_chart.c:372:6:lv_chart_hide_series	0	static
../Application/lvgl/src/widgets/chart/lv_chart.c:381:6:lv_chart_set_series_color	8	static
../Application/lvgl/src/widgets/chart/lv_chart.c:390:12:lv_chart_get_series_color	8	static
../Application/lvgl/src/widgets/chart/lv_chart.c:399:6:lv_chart_set_x_start_point	0	static
../Application/lvgl/src/widgets/chart/lv_chart.c:409:21:lv_chart_get_series_next	0	static
../Application/lvgl/src/widgets/chart/lv_chart.c:422:22:lv_chart_add_cursor	24	static
../Application/lvgl/src/widgets/chart/lv_chart.c:440:6:lv_chart_set_cursor_pos	4	static
../Application/lvgl/src/widgets/chart/lv_chart.c:450:6:lv_chart_set_cursor_point	16	static
../Application/lvgl/src/widgets/chart/lv_chart.c:462:12:lv_chart_get_cursor_point	0	static
../Application/lvgl/src/widgets/chart/lv_chart.c:474:6:lv_chart_set_all_values	4	static
../Application/lvgl/src/widgets/chart/lv_chart.c:488:6:lv_chart_set_next_value	16	static
../Application/lvgl/src/widgets/chart/lv_chart.c:500:6:lv_chart_set_next_value2	12	static
../Application/lvgl/src/widgets/chart/lv_chart.c:518:6:lv_chart_set_value_by_id	4	static
../Application/lvgl/src/widgets/chart/lv_chart.c:529:6:lv_chart_set_value_by_id2	12	static
../Application/lvgl/src/widgets/chart/lv_chart.c:547:6:lv_chart_set_ext_y_array	16	static
../Application/lvgl/src/widgets/chart/lv_chart.c:558:6:lv_chart_set_ext_x_array	16	static
../Application/lvgl/src/widgets/chart/lv_chart.c:569:11:lv_chart_get_y_array	0	static
../Application/lvgl/src/widgets/chart/lv_chart.c:577:11:lv_chart_get_x_array	0	static
../Application/lvgl/src/widgets/chart/lv_chart.c:585:10:lv_chart_get_pressed_point	0	static
../Application/lvgl/src/widgets/chart/lv_chart.c:591:9:lv_chart_get_first_point_center_offset	16	static
