../Application/lvgl/src/widgets/buttonmatrix/lv_buttonmatrix.c:383:13:lv_buttonmatrix_destructor	8	static
../Application/lvgl/src/widgets/buttonmatrix/../../core/lv_obj_style_gen.h:184:23:lv_obj_get_style_pad_column.constprop	16	static
../Application/lvgl/src/widgets/buttonmatrix/lv_buttonmatrix.c:669:13:draw_main	528	static
../Application/lvgl/src/widgets/buttonmatrix/lv_buttonmatrix.c:921:17:get_button_from_point	96	static
../Application/lvgl/src/widgets/buttonmatrix/lv_buttonmatrix.c:974:13:invalidate_button_area	64	static
../Application/lvgl/src/widgets/buttonmatrix/lv_buttonmatrix.c:88:12:lv_buttonmatrix_create	8	static
../Application/lvgl/src/widgets/buttonmatrix/lv_buttonmatrix.c:100:6:lv_buttonmatrix_set_map	112	static
../Application/lvgl/src/widgets/buttonmatrix/lv_buttonmatrix.c:363:13:lv_buttonmatrix_constructor	0	static
../Application/lvgl/src/widgets/buttonmatrix/lv_buttonmatrix.c:191:6:lv_buttonmatrix_set_ctrl_map	8	static
../Application/lvgl/src/widgets/buttonmatrix/lv_buttonmatrix.c:201:6:lv_buttonmatrix_set_selected_button	16	static
../Application/lvgl/src/widgets/buttonmatrix/lv_buttonmatrix.c:234:6:lv_buttonmatrix_clear_button_ctrl	16	static
../Application/lvgl/src/widgets/buttonmatrix/lv_buttonmatrix.c:261:6:lv_buttonmatrix_clear_button_ctrl_all	16	static
../Application/lvgl/src/widgets/buttonmatrix/lv_buttonmatrix.c:214:6:lv_buttonmatrix_set_button_ctrl	16	static
../Application/lvgl/src/widgets/buttonmatrix/lv_buttonmatrix.c:250:6:lv_buttonmatrix_set_button_ctrl_all	16	static
../Application/lvgl/src/widgets/buttonmatrix/lv_buttonmatrix.c:272:6:lv_buttonmatrix_set_button_width	8	static
../Application/lvgl/src/widgets/buttonmatrix/lv_buttonmatrix.c:299:22:lv_buttonmatrix_get_map	0	static
../Application/lvgl/src/widgets/buttonmatrix/lv_buttonmatrix.c:307:10:lv_buttonmatrix_get_selected_button	0	static
../Application/lvgl/src/widgets/buttonmatrix/lv_buttonmatrix.c:315:14:lv_buttonmatrix_get_button_text	32	static
../Application/lvgl/src/widgets/buttonmatrix/lv_buttonmatrix.c:340:6:lv_buttonmatrix_has_button_ctrl	0	static
../Application/lvgl/src/widgets/buttonmatrix/lv_buttonmatrix.c:1017:13:make_one_button_checked	16	static
../Application/lvgl/src/widgets/buttonmatrix/lv_buttonmatrix.c:395:13:lv_buttonmatrix_event	48	static
../Application/lvgl/src/widgets/buttonmatrix/lv_buttonmatrix.c:284:6:lv_buttonmatrix_set_one_checked	0	static
../Application/lvgl/src/widgets/buttonmatrix/lv_buttonmatrix.c:350:6:lv_buttonmatrix_get_one_checked	0	static
