../Core/Src/quadspi.c:253:16:QSPI_WriteEnable	88	static
../Core/Src/quadspi.c:33:6:MX_QUADSPI1_Init	8	static
../Core/Src/quadspi.c:62:6:HAL_QSPI_MspInit	144	static
../Core/Src/quadspi.c:124:6:HAL_QSPI_MspDeInit	8	static
../Core/Src/quadspi.c:223:9:QSPI_AutoPollingMemReady	88	static
../Core/Src/quadspi.c:157:9:CSP_QUADSPI_Init	88	static,ignoring_inline_asm
../Core/Src/quadspi.c:192:9:CSP_QSPI_Erase_Chip	64	static
../Core/Src/quadspi.c:385:9:CSP_QSPI_EraseBlock	64	static
../Core/Src/quadspi.c:415:9:CSP_QSPI_EraseSector	72	static
../Core/Src/quadspi.c:457:9:CSP_QSPI_WriteMemory	80	static
../Core/Src/quadspi.c:571:9:CSP_QSPI_EnableMemoryMappedMode	80	static
../Core/Src/quadspi.c:647:9:CSP_QSPI_Read	72	static
