../Core/Src/tim.c:33:6:MX_TIM2_Init	40	static
../Core/Src/tim.c:72:6:MX_TIM3_Init	40	static
../Core/Src/tim.c:112:6:MX_TIM4_Init	64	static
../Core/Src/tim.c:223:6:HAL_TIM_Base_MspInit	16	static
../Core/Src/tim.c:258:6:HAL_TIM_Encoder_MspInit	40	static
../Core/Src/tim.c:288:6:HAL_TIM_PWM_MspInit	8	static
../Core/Src/tim.c:303:6:HAL_TIM_MspPostInit	32	static
../Core/Src/tim.c:156:6:MX_TIM8_Init	104	static
../Core/Src/tim.c:331:6:HAL_TIM_Base_MspDeInit	0	static
../Core/Src/tim.c:364:6:HAL_TIM_Encoder_MspDeInit	0	static
../Core/Src/tim.c:387:6:HAL_TIM_PWM_MspDeInit	0	static
