../Application/lvgl/src/widgets/label/lv_label.c:1225:13:set_ofs_y_anim	0	static
../Application/lvgl/src/widgets/label/lv_label.c:1218:13:set_ofs_x_anim	0	static
../Application/lvgl/src/widgets/label/lv_label.c:740:13:lv_label_destructor	8	static
../Application/lvgl/src/widgets/label/lv_label.c:1271:13:calculate_x_coordinate	32	static
../Application/lvgl/src/widgets/label/lv_label.c:901:13:overwrite_anim_property	0	static
../Application/lvgl/src/widgets/label/lv_label.c:1189:13:lv_label_revert_dots	12	static
../Application/lvgl/src/widgets/label/lv_label.c:1200:13:lv_label_set_dots	16	static
../Application/lvgl/src/widgets/label/../../core/lv_obj_style_gen.h:562:23:lv_obj_get_style_text_line_space.constprop	16	static
../Application/lvgl/src/widgets/label/../../core/lv_obj_style_gen.h:556:23:lv_obj_get_style_text_letter_space.constprop	16	static
../Application/lvgl/src/widgets/label/../../core/lv_obj_style_gen.h:550:33:lv_obj_get_style_text_font.constprop	16	static
../Application/lvgl/src/widgets/label/lv_label.c:1253:23:get_label_flags	24	static
../Application/lvgl/src/widgets/label/lv_label.c:121:12:lv_label_create	8	static
../Application/lvgl/src/widgets/label/lv_label.c:242:6:lv_label_set_text_selection_start	0	static
../Application/lvgl/src/widgets/label/lv_label.c:256:6:lv_label_set_text_selection_end	0	static
../Application/lvgl/src/widgets/label/lv_label.c:287:8:lv_label_get_text	0	static
../Application/lvgl/src/widgets/label/lv_label.c:294:22:lv_label_get_long_mode	0	static
../Application/lvgl/src/widgets/label/lv_label.c:301:6:lv_label_get_letter_pos	120	static
../Application/lvgl/src/widgets/label/lv_label.c:408:10:lv_label_get_letter_on	128	static
../Application/lvgl/src/widgets/label/lv_label.c:930:13:lv_label_refr_text	168	static
../Application/lvgl/src/widgets/label/lv_label.c:133:6:lv_label_set_text	24	static
../Application/lvgl/src/widgets/label/lv_label.c:175:6:lv_label_set_text_fmt	28	static
../Application/lvgl/src/widgets/label/lv_label.c:203:6:lv_label_set_text_static	16	static
../Application/lvgl/src/widgets/label/lv_label.c:221:6:lv_label_set_long_mode	16	static
../Application/lvgl/src/widgets/label/lv_label.c:708:13:lv_label_constructor	16	static
../Application/lvgl/src/widgets/label/lv_label.c:270:6:lv_label_set_recolor	4	static
../Application/lvgl/src/widgets/label/lv_label.c:749:13:lv_label_event	208	static
../Application/lvgl/src/widgets/label/lv_label.c:536:6:lv_label_is_char_under_pos	112	static
../Application/lvgl/src/widgets/label/lv_label.c:620:10:lv_label_get_text_selection_start	0	static
../Application/lvgl/src/widgets/label/lv_label.c:633:10:lv_label_get_text_selection_end	0	static
../Application/lvgl/src/widgets/label/lv_label.c:646:6:lv_label_get_recolor	0	static
../Application/lvgl/src/widgets/label/lv_label.c:658:6:lv_label_ins_text	24	static
../Application/lvgl/src/widgets/label/lv_label.c:686:6:lv_label_cut_text	16	static
