../Application/lvgl/src/widgets/roller/lv_roller.c:867:13:set_y_anim	0	static
../Application/lvgl/src/widgets/roller/../../core/lv_obj_style_gen.h:550:33:lv_obj_get_style_text_font	16	static
../Application/lvgl/src/widgets/roller/lv_roller.c:843:19:get_label	0	static
../Application/lvgl/src/widgets/roller/../../core/lv_obj_style_gen.h:562:23:lv_obj_get_style_text_line_space.constprop	16	static
../Application/lvgl/src/widgets/roller/lv_roller.c:643:13:get_sel_area	40	static
../Application/lvgl/src/widgets/roller/lv_roller.c:816:13:inf_normalize	24	static
../Application/lvgl/src/widgets/roller/lv_roller.c:861:13:scroll_anim_completed_cb	8	static
../Application/lvgl/src/widgets/roller/lv_roller.c:667:13:refr_position	120	static
../Application/lvgl/src/widgets/roller/lv_roller.c:511:13:draw_main	248	static
../Application/lvgl/src/widgets/roller/lv_roller.c:872:13:transform_vect_recursive	48	static
../Application/lvgl/src/widgets/roller/lv_roller.c:848:16:get_selected_label_width	40	static
../Application/lvgl/src/widgets/roller/lv_roller.c:480:13:lv_roller_label_event	200	static
../Application/lvgl/src/widgets/roller/lv_roller.c:116:12:lv_roller_create	8	static
../Application/lvgl/src/widgets/roller/lv_roller.c:128:6:lv_roller_set_options	48	static
../Application/lvgl/src/widgets/roller/lv_roller.c:334:13:lv_roller_constructor	16	static
../Application/lvgl/src/widgets/roller/lv_roller.c:189:6:lv_roller_set_selected	16	static
../Application/lvgl/src/widgets/roller/lv_roller.c:356:13:lv_roller_event	56	static
../Application/lvgl/src/widgets/roller/lv_roller.c:250:6:lv_roller_set_visible_row_count	32	static
../Application/lvgl/src/widgets/roller/lv_roller.c:264:10:lv_roller_get_selected	0	static
../Application/lvgl/src/widgets/roller/lv_roller.c:278:6:lv_roller_get_selected_str	24	static
../Application/lvgl/src/widgets/roller/lv_roller.c:310:14:lv_roller_get_options	8	static
../Application/lvgl/src/widgets/roller/lv_roller.c:223:6:lv_roller_set_selected_str	32	static
../Application/lvgl/src/widgets/roller/lv_roller.c:317:10:lv_roller_get_option_count	0	static
