../Application/Display/misko_touch.c:3:6:touchIOInit	0	static
../Application/Display/misko_touch.c:24:6:touchSPIInit	0	static
../Application/Display/misko_touch.c:37:6:touchInit	8	static
../Application/Display/misko_touch.c:42:9:SPI1_TransmitReceive	0	static
../Application/Display/misko_touch.c:50:6:touchCSSelect	0	static
../Application/Display/misko_touch.c:53:6:touchCSDeselect	0	static
../Application/Display/misko_touch.c:57:9:touchCheckPressed	0	static
../Application/Display/misko_touch.c:61:10:touchReadChannel	8	static
../Application/Display/misko_touch.c:74:10:touchReadRawXPos	0	static
../Application/Display/misko_touch.c:79:10:touchReadRawYPos	0	static
../Application/Display/misko_touch.c:84:6:touchReadRawXYPos	16	static
../Application/Display/misko_touch.c:90:6:touchReadRawXYPosAvg	40	static
../Application/Display/misko_touch.c:105:10:touchScaleValue	8	static
../Application/Display/misko_touch.c:114:6:touchReadXY	24	static
