../Application/ui/actions.c:46:13:hide_popup_timer_cb	8	static
../Application/ui/actions.c:33:6:Set_Brightness	0	static
../Application/ui/actions.c:39:6:action_change_screen_brightness	8	static
../Application/ui/actions.c:51:6:action_save_settings	16	static
../Application/ui/actions.c:71:6:action_ffb_off	0	static
../Application/ui/actions.c:75:6:action_ffb_on	0	static
../Application/ui/actions.c:79:6:action_set_wheel_center	0	static
../Application/ui/actions.c:85:6:action_switch_to_main_screen	8	static
../Application/ui/actions.c:90:6:action_switch_to_sensor_status	8	static
../Application/ui/actions.c:95:6:action_switch_to_select_game	8	static
../Application/ui/actions.c:100:6:action_switch_to_farming_simulator25	8	static
../Application/ui/actions.c:105:6:action_switch_to_settings	8	static
../Application/ui/actions.c:110:6:action_switch_to_calibration	8	static
../Application/ui/actions.c:117:6:action_start_calibration	8	static
../Application/ui/actions.c:123:6:action_stop_calibration	8	static
../Application/ui/actions.c:142:6:action_fs25_slider1_value	8	static
../Application/ui/actions.c:147:6:action_fs25_slider2_value	8	static
../Application/ui/actions.c:152:6:action_fs25_slider3_value	8	static
../Application/ui/actions.c:157:6:action_fs25_slider4_value	8	static
../Application/ui/actions.c:162:6:action_fs25_button1_clicked	0	static
../Application/ui/actions.c:165:6:action_fs25_button2_clicked	0	static
../Application/ui/actions.c:168:6:action_fs25_button3_clicked	0	static
../Application/ui/actions.c:171:6:action_fs25_button4_clicked	0	static
../Application/ui/actions.c:175:6:action_fs25_button1_released	0	static
../Application/ui/actions.c:178:6:action_fs25_button2_released	0	static
../Application/ui/actions.c:181:6:action_fs25_button3_released	0	static
../Application/ui/actions.c:184:6:action_fs25_button4_released	0	static
../Application/ui/actions.c:188:6:action_fs25_switch1_checked	0	static
../Application/ui/actions.c:191:6:action_fs25_switch2_checked	0	static
../Application/ui/actions.c:194:6:action_fs25_switch3_checked	0	static
../Application/ui/actions.c:197:6:action_fs25_switch4_checked	0	static
../Application/ui/actions.c:201:6:action_fs25_switch1_unchecked	0	static
../Application/ui/actions.c:204:6:action_fs25_switch2_unchecked	0	static
../Application/ui/actions.c:207:6:action_fs25_switch3_unchecked	0	static
../Application/ui/actions.c:210:6:action_fs25_switch4_unchecked	0	static
