../Application/ui/screens.c:1476:6:tick_screen_select_game	0	static
../Application/ui/screens.c:108:13:event_handler_cb_sensor_status_obj0	0	static
../Application/ui/screens.c:35:13:event_handler_checked_cb_settings_ffb_switch	8	static
../Application/ui/screens.c:28:13:event_handler_unchecked_cb_settings_ffb_switch	8	static
../Application/ui/screens.c:511:6:tick_screen_settings	16	static
../Application/ui/screens.c:644:6:tick_screen_main	16	static
../Application/ui/screens.c:783:6:tick_screen_calibration	16	static
../Application/ui/screens.c:1161:6:tick_screen_sensor_status	16	static
../Application/ui/screens.c:358:13:event_handler_checked_cb_farming_simulator2025_obj27	8	static
../Application/ui/screens.c:351:13:event_handler_unchecked_cb_farming_simulator2025_obj27	8	static
../Application/ui/screens.c:344:13:event_handler_checked_cb_farming_simulator2025_obj26	8	static
../Application/ui/screens.c:337:13:event_handler_unchecked_cb_farming_simulator2025_obj26	8	static
../Application/ui/screens.c:330:13:event_handler_checked_cb_farming_simulator2025_obj25	8	static
../Application/ui/screens.c:323:13:event_handler_unchecked_cb_farming_simulator2025_obj25	8	static
../Application/ui/screens.c:316:13:event_handler_checked_cb_farming_simulator2025_obj24	8	static
../Application/ui/screens.c:309:13:event_handler_unchecked_cb_farming_simulator2025_obj24	8	static
../Application/ui/screens.c:53:13:event_handler_cb_settings_sampling_freq_selector	8	static
../Application/ui/screens.c:42:13:event_handler_cb_settings_ffb_switch	8	static
../Application/ui/screens.c:17:13:event_handler_cb_settings_brigthness_slider	8	static
../Application/ui/screens.c:97:13:event_handler_cb_calibration_misko_joy_calib_cb	8	static
../Application/ui/screens.c:86:13:event_handler_cb_calibration_pedals_calib_cb	8	static
../Application/ui/screens.c:75:13:event_handler_cb_calibration_l_joy_calib_cb	8	static
../Application/ui/screens.c:64:13:event_handler_cb_calibration_wheel_calib_cb	8	static
../Application/ui/screens.c:298:13:event_handler_cb_sensor_status_obj23	8	static
../Application/ui/screens.c:287:13:event_handler_cb_sensor_status_obj22	8	static
../Application/ui/screens.c:276:13:event_handler_cb_sensor_status_obj21	8	static
../Application/ui/screens.c:265:13:event_handler_cb_sensor_status_obj20	8	static
../Application/ui/screens.c:254:13:event_handler_cb_sensor_status_obj19	8	static
../Application/ui/screens.c:243:13:event_handler_cb_sensor_status_obj18	8	static
../Application/ui/screens.c:232:13:event_handler_cb_sensor_status_obj17	8	static
../Application/ui/screens.c:221:13:event_handler_cb_sensor_status_obj16	8	static
../Application/ui/screens.c:210:13:event_handler_cb_sensor_status_obj15	8	static
../Application/ui/screens.c:199:13:event_handler_cb_sensor_status_obj14	8	static
../Application/ui/screens.c:188:13:event_handler_cb_sensor_status_obj13	8	static
../Application/ui/screens.c:177:13:event_handler_cb_sensor_status_obj12	8	static
../Application/ui/screens.c:166:13:event_handler_cb_sensor_status_obj11	8	static
../Application/ui/screens.c:155:13:event_handler_cb_sensor_status_obj10	8	static
../Application/ui/screens.c:144:13:event_handler_cb_sensor_status_obj9	8	static
../Application/ui/screens.c:1639:6:tick_screen_farming_simulator2025	0	static
../Application/ui/screens.c:112:13:event_handler_cb_sensor_status_obj1	0	static
../Application/ui/screens.c:116:13:event_handler_cb_sensor_status_obj2	0	static
../Application/ui/screens.c:120:13:event_handler_cb_sensor_status_obj3	0	static
../Application/ui/screens.c:124:13:event_handler_cb_sensor_status_obj4	0	static
../Application/ui/screens.c:128:13:event_handler_cb_sensor_status_obj5	0	static
../Application/ui/screens.c:132:13:event_handler_cb_sensor_status_obj6	0	static
../Application/ui/screens.c:136:13:event_handler_cb_sensor_status_obj7	0	static
../Application/ui/screens.c:140:13:event_handler_cb_sensor_status_obj8	0	static
../Application/ui/screens.c:365:6:create_screen_settings	24	static
../Application/ui/screens.c:553:6:create_screen_main	24	static
../Application/ui/screens.c:674:6:create_screen_calibration	32	static
../Application/ui/screens.c:835:6:create_screen_sensor_status	24	static
../Application/ui/screens.c:1395:6:create_screen_select_game	32	static
../Application/ui/screens.c:1479:6:create_screen_farming_simulator2025	24	static
../Application/ui/screens.c:1643:6:create_screens	24	static
../Application/ui/screens.c:1667:6:tick_screen	0	static
