../Application/ui/screens.c:1496:6:tick_screen_select_game	0	static
../Application/ui/screens.c:423:6:tick_screen_main	16	static
../Application/ui/screens.c:36:13:event_handler_checked_cb_settings_ffb_switch	8	static
../Application/ui/screens.c:29:13:event_handler_unchecked_cb_settings_ffb_switch	8	static
../Application/ui/screens.c:604:6:tick_screen_settings	16	static
../Application/ui/screens.c:740:6:tick_screen_calibration	16	static
../Application/ui/screens.c:839:6:tick_screen_calibration_indication	16	static
../Application/ui/screens.c:1179:6:tick_screen_sensor_status	16	static
../Application/ui/screens.c:323:13:event_handler_checked_cb_farming_simulator2025_obj18	8	static
../Application/ui/screens.c:316:13:event_handler_unchecked_cb_farming_simulator2025_obj18	8	static
../Application/ui/screens.c:309:13:event_handler_checked_cb_farming_simulator2025_obj17	8	static
../Application/ui/screens.c:302:13:event_handler_unchecked_cb_farming_simulator2025_obj17	8	static
../Application/ui/screens.c:295:13:event_handler_checked_cb_farming_simulator2025_obj16	8	static
../Application/ui/screens.c:288:13:event_handler_unchecked_cb_farming_simulator2025_obj16	8	static
../Application/ui/screens.c:281:13:event_handler_checked_cb_farming_simulator2025_obj15	8	static
../Application/ui/screens.c:274:13:event_handler_unchecked_cb_farming_simulator2025_obj15	8	static
../Application/ui/screens.c:54:13:event_handler_cb_settings_sampling_freq_selector	8	static
../Application/ui/screens.c:43:13:event_handler_cb_settings_ffb_switch	8	static
../Application/ui/screens.c:18:13:event_handler_cb_settings_brigthness_slider	8	static
../Application/ui/screens.c:98:13:event_handler_cb_calibration_misko_joy_calib_cb	8	static
../Application/ui/screens.c:87:13:event_handler_cb_calibration_pedals_calib_cb	8	static
../Application/ui/screens.c:76:13:event_handler_cb_calibration_l_joy_calib_cb	8	static
../Application/ui/screens.c:65:13:event_handler_cb_calibration_wheel_calib_cb	8	static
../Application/ui/screens.c:263:13:event_handler_cb_sensor_status_obj14	8	static
../Application/ui/screens.c:252:13:event_handler_cb_sensor_status_obj13	8	static
../Application/ui/screens.c:241:13:event_handler_cb_sensor_status_obj12	8	static
../Application/ui/screens.c:230:13:event_handler_cb_sensor_status_obj11	8	static
../Application/ui/screens.c:219:13:event_handler_cb_sensor_status_obj10	8	static
../Application/ui/screens.c:208:13:event_handler_cb_sensor_status_obj9	8	static
../Application/ui/screens.c:197:13:event_handler_cb_sensor_status_obj8	8	static
../Application/ui/screens.c:186:13:event_handler_cb_sensor_status_obj7	8	static
../Application/ui/screens.c:175:13:event_handler_cb_sensor_status_obj6	8	static
../Application/ui/screens.c:164:13:event_handler_cb_sensor_status_obj5	8	static
../Application/ui/screens.c:153:13:event_handler_cb_sensor_status_obj4	8	static
../Application/ui/screens.c:142:13:event_handler_cb_sensor_status_obj3	8	static
../Application/ui/screens.c:131:13:event_handler_cb_sensor_status_obj2	8	static
../Application/ui/screens.c:120:13:event_handler_cb_sensor_status_obj1	8	static
../Application/ui/screens.c:109:13:event_handler_cb_sensor_status_obj0	8	static
../Application/ui/screens.c:1661:6:tick_screen_farming_simulator2025	0	static
../Application/ui/screens.c:330:6:create_screen_main	24	static
../Application/ui/screens.c:453:6:create_screen_settings	24	static
../Application/ui/screens.c:646:6:create_screen_calibration	24	static
../Application/ui/screens.c:792:6:create_screen_calibration_indication	32	static
../Application/ui/screens.c:860:6:create_screen_sensor_status	24	static
../Application/ui/screens.c:1413:6:create_screen_select_game	32	static
../Application/ui/screens.c:1499:6:create_screen_farming_simulator2025	24	static
../Application/ui/screens.c:1676:6:tick_screen	0	static
../Application/ui/screens.c:1679:6:tick_screen_by_id	0	static
../Application/ui/screens.c:1683:6:create_screens	24	static
