../Application/ui/vars.c:26:13:get_var_real_samling_frequency_hz	0	static
../Application/ui/vars.c:29:6:set_var_real_samling_frequency_hz	8	static
../Application/ui/vars.c:38:9:get_var_wheel	0	static
../Application/ui/vars.c:39:6:set_var_wheel	0	static
../Application/ui/vars.c:41:9:get_var_throttle	0	static
../Application/ui/vars.c:42:6:set_var_throttle	0	static
../Application/ui/vars.c:44:9:get_var_brake	0	static
../Application/ui/vars.c:45:6:set_var_brake	0	static
../Application/ui/vars.c:47:9:get_var_clutch	0	static
../Application/ui/vars.c:48:6:set_var_clutch	0	static
../Application/ui/vars.c:50:9:get_var_joy_x	0	static
../Application/ui/vars.c:51:6:set_var_joy_x	0	static
../Application/ui/vars.c:53:9:get_var_joy_y	0	static
../Application/ui/vars.c:54:6:set_var_joy_y	0	static
../Application/ui/vars.c:56:9:get_var_lh_x	0	static
../Application/ui/vars.c:57:6:set_var_lh_x	0	static
../Application/ui/vars.c:59:9:get_var_lh_y	0	static
../Application/ui/vars.c:60:6:set_var_lh_y	0	static
../Application/ui/vars.c:62:9:get_var_lh_r	0	static
../Application/ui/vars.c:63:6:set_var_lh_r	0	static
../Application/ui/vars.c:69:6:get_var_btn_joy	0	static
../Application/ui/vars.c:70:6:set_var_btn_joy	0	static
../Application/ui/vars.c:72:6:get_var_btn_esc	0	static
../Application/ui/vars.c:73:6:set_var_btn_esc	0	static
../Application/ui/vars.c:75:6:get_var_btn_ok	0	static
../Application/ui/vars.c:76:6:set_var_btn_ok	0	static
../Application/ui/vars.c:78:6:get_var_btn_up	0	static
../Application/ui/vars.c:79:6:set_var_btn_up	0	static
../Application/ui/vars.c:81:6:get_var_btn_left	0	static
../Application/ui/vars.c:82:6:set_var_btn_left	0	static
../Application/ui/vars.c:84:6:get_var_btn_right	0	static
../Application/ui/vars.c:85:6:set_var_btn_right	0	static
../Application/ui/vars.c:87:6:get_var_btn_down	0	static
../Application/ui/vars.c:88:6:set_var_btn_down	0	static
../Application/ui/vars.c:90:6:get_var_lh_btn1	0	static
../Application/ui/vars.c:91:6:set_var_lh_btn1	0	static
../Application/ui/vars.c:93:6:get_var_lh_btn2	0	static
../Application/ui/vars.c:94:6:set_var_lh_btn2	0	static
../Application/ui/vars.c:96:6:get_var_base_btn1	0	static
../Application/ui/vars.c:97:6:set_var_base_btn1	0	static
../Application/ui/vars.c:99:6:get_var_base_btn2	0	static
../Application/ui/vars.c:100:6:set_var_base_btn2	0	static
../Application/ui/vars.c:102:6:get_var_base_btn3	0	static
../Application/ui/vars.c:103:6:set_var_base_btn3	0	static
../Application/ui/vars.c:105:6:get_var_base_btn4	0	static
../Application/ui/vars.c:106:6:set_var_base_btn4	0	static
../Application/ui/vars.c:108:6:get_var_shifter_l	0	static
../Application/ui/vars.c:109:6:set_var_shifter_l	0	static
../Application/ui/vars.c:111:6:get_var_shifter_r	0	static
../Application/ui/vars.c:112:6:set_var_shifter_r	0	static
../Application/ui/vars.c:121:6:get_var_wheel_calib	0	static
../Application/ui/vars.c:122:6:set_var_wheel_calib	0	static
../Application/ui/vars.c:124:6:get_var_pedals_calib	0	static
../Application/ui/vars.c:125:6:set_var_pedals_calib	0	static
../Application/ui/vars.c:127:6:get_var_l_joy_calib	0	static
../Application/ui/vars.c:128:6:set_var_l_joy_calib	0	static
../Application/ui/vars.c:130:6:get_var_misko_joy_calib	0	static
../Application/ui/vars.c:131:6:set_var_misko_joy_calib	0	static
../Application/ui/vars.c:134:6:set_var_calibration_status	16	static
../Application/ui/vars.c:141:13:get_var_calibration_status	0	static
../Application/ui/vars.c:148:13:get_var_axis_min_max	0	static
../Application/ui/vars.c:152:6:set_var_axis_min_max	8	static
../Application/ui/vars.c:161:6:set_var_force_feedback_status	8	static
../Application/ui/vars.c:168:13:get_var_force_feedback_status	0	static
../Application/ui/vars.c:173:13:get_var_frequencies	0	static
../Application/ui/vars.c:177:6:set_var_frequencies	8	static
../Application/ui/vars.c:182:9:get_var_selected_frequency_position	0	static
../Application/ui/vars.c:186:6:set_var_selected_frequency_position	0	static
../Application/ui/vars.c:190:6:get_var_ffb_state	0	static
../Application/ui/vars.c:194:6:set_var_ffb_state	0	static
../Application/ui/vars.c:198:9:get_var_brightness	0	static
../Application/ui/vars.c:202:6:set_var_brightness	0	static
