../System/InputCollection.c:32:6:Set_Sampling_Frequency	0	static
../System/InputCollection.c:43:6:Read_Actual_Sampling_Frequency	0	static
../System/InputCollection.c:61:6:InitADC	8	static
../System/InputCollection.c:69:6:CollectButton_StatesMisko	16	static
../System/InputCollection.c:89:6:CollectEncoderValue	0	static
../System/InputCollection.c:94:6:CollectAllInputs	8	static
../System/InputCollection.c:103:6:CalibrateAxis	40	static
../System/InputCollection.c:135:13:calibration_timer_cb	88	static
../System/InputCollection.c:161:6:start_calibration	16	static
../System/InputCollection.c:204:6:stop_calibration	0	static
